PASS Automerge + ProseMirror: comment-only has no content effects [forward] ["TARGET","TARGET"]
PASS Automerge + ProseMirror: comment-only has no content effects [reverse] ["TARGET","TARGET"]
MISS Automerge + ProseMirror: link formatting races typing and comment [forward] ["TAR!GET","TAR!GET"]
MISS Automerge + ProseMirror: link formatting races typing and comment [reverse] ["TAR!GET","TAR!GET"]
PASS Automerge + ProseMirror: list wrapping races typing and comment [forward] ["TAR!GET","TAR!GET"]
PASS Automerge + ProseMirror: list wrapping races typing and comment [reverse] ["TAR!GET","TAR!GET"]
MISS Automerge + ProseMirror: heading conversion races typing and comment [forward] ["TAR!GET","TAR!GET"]
MISS Automerge + ProseMirror: heading conversion races typing and comment [reverse] ["TAR!GET","TAR!GET"]
PASS Automerge + ProseMirror: paragraph split races typing and comment [forward] ["TAR!GET","TAR!GET"]
PASS Automerge + ProseMirror: paragraph split races typing and comment [reverse] ["TAR!GET","TAR!GET"]
MISS Automerge + ProseMirror: delete and reinsert block move races typing and comment [forward] [null,null]
MISS Automerge + ProseMirror: delete and reinsert block move races typing and comment [reverse] [null,null]
PASS Automerge + ProseMirror: partial target deletion preserves surviving text [forward] ["GET","GET"]
PASS Automerge + ProseMirror: partial target deletion preserves surviving text [reverse] ["GET","GET"]
PASS Automerge + ProseMirror: whole target deletion retains thread with empty target [forward] ["",""]
PASS Automerge + ProseMirror: whole target deletion retains thread with empty target [reverse] ["",""]
PASS Automerge + ProseMirror: text insertion preceding newly created comment [forward] ["INSERTED","INSERTED"]
PASS Automerge + ProseMirror: text insertion preceding newly created comment [reverse] ["INSERTED","INSERTED"]
PASS Automerge + ProseMirror: save and restore existing cursor targets [forward] ["TARGET","TARGET"]
PASS Automerge + ProseMirror: save and restore existing cursor targets [reverse] ["TARGET","TARGET"]
PASS Yjs + ProseMirror: comment-only has no content effects [forward] ["TARGET","TARGET"]
PASS Yjs + ProseMirror: comment-only has no content effects [reverse] ["TARGET","TARGET"]
PASS Yjs + ProseMirror: link formatting races typing and comment [forward] ["TAR!GET","TAR!GET"]
PASS Yjs + ProseMirror: link formatting races typing and comment [reverse] ["TAR!GET","TAR!GET"]
MISS Yjs + ProseMirror: list wrapping races typing and comment [forward] [null,null]
MISS Yjs + ProseMirror: list wrapping races typing and comment [reverse] [null,null]
MISS Yjs + ProseMirror: heading conversion races typing and comment [forward] [null,null]
MISS Yjs + ProseMirror: heading conversion races typing and comment [reverse] [null,null]
MISS Yjs + ProseMirror: paragraph split races typing and comment [forward] ["!","!"]
MISS Yjs + ProseMirror: paragraph split races typing and comment [reverse] ["!","!"]
MISS Yjs + ProseMirror: delete and reinsert block move races typing and comment [forward] ["!","!"]
MISS Yjs + ProseMirror: delete and reinsert block move races typing and comment [reverse] ["!","!"]
PASS Yjs + ProseMirror: partial target deletion preserves surviving text [forward] ["GET","GET"]
PASS Yjs + ProseMirror: partial target deletion preserves surviving text [reverse] ["GET","GET"]
PASS Yjs + ProseMirror: whole target deletion retains thread with empty target [forward] ["",""]
PASS Yjs + ProseMirror: whole target deletion retains thread with empty target [reverse] ["",""]
PASS Yjs + ProseMirror: text insertion preceding newly created comment [forward] ["INSERTED","INSERTED"]
PASS Yjs + ProseMirror: text insertion preceding newly created comment [reverse] ["INSERTED","INSERTED"]
PASS Yjs + ProseMirror: save and restore existing cursor targets [forward] ["TARGET","TARGET"]
PASS Yjs + ProseMirror: save and restore existing cursor targets [reverse] ["TARGET","TARGET"]
PASS Central ProseMirror: comment-only has no content effects [forward] ["TARGET","TARGET"]
PASS Central ProseMirror: comment-only has no content effects [reverse] ["TARGET","TARGET"]
PASS Central ProseMirror: link formatting races typing and comment [forward] ["TAR!GET","TAR!GET"]
PASS Central ProseMirror: link formatting races typing and comment [reverse] ["TAR!GET","TAR!GET"]
PASS Central ProseMirror: list wrapping races typing and comment [forward] ["TAR!GET","TAR!GET"]
PASS Central ProseMirror: list wrapping races typing and comment [reverse] ["TAR!GET","TAR!GET"]
PASS Central ProseMirror: heading conversion races typing and comment [forward] ["TAR!GET","TAR!GET"]
PASS Central ProseMirror: heading conversion races typing and comment [reverse] ["TAR!GET","TAR!GET"]
PASS Central ProseMirror: paragraph split races typing and comment [forward] ["TAR!GET","TAR!GET"]
PASS Central ProseMirror: paragraph split races typing and comment [reverse] ["TAR!GET","TAR!GET"]
MISS Central ProseMirror: delete and reinsert block move races typing and comment [forward] ["",""]
MISS Central ProseMirror: delete and reinsert block move races typing and comment [reverse] ["",""]
PASS Central ProseMirror: partial target deletion preserves surviving text [forward] ["GET","GET"]
PASS Central ProseMirror: partial target deletion preserves surviving text [reverse] ["GET","GET"]
PASS Central ProseMirror: whole target deletion retains thread with empty target [forward] ["",""]
PASS Central ProseMirror: whole target deletion retains thread with empty target [reverse] ["",""]
PASS Central ProseMirror: text insertion preceding newly created comment [forward] ["INSERTED","INSERTED"]
PASS Central ProseMirror: text insertion preceding newly created comment [reverse] ["INSERTED","INSERTED"]
PASS Central ProseMirror: save and restore existing cursor targets [forward] ["TARGET","TARGET"]
PASS Central ProseMirror: save and restore existing cursor targets [reverse] ["TARGET","TARGET"]
PASS Automerge + ProseMirror: comment-only has no content effects [forward] ["TARGET","TARGET"]
PASS Automerge + ProseMirror: comment-only has no content effects [reverse] ["TARGET","TARGET"]
MISS Automerge + ProseMirror: link formatting races typing and comment [forward] ["TAR!GET","TAR!GET"]
MISS Automerge + ProseMirror: link formatting races typing and comment [reverse] ["TAR!GET","TAR!GET"]
PASS Automerge + ProseMirror: list wrapping races typing and comment [forward] ["TAR!GET","TAR!GET"]
PASS Automerge + ProseMirror: list wrapping races typing and comment [reverse] ["TAR!GET","TAR!GET"]
MISS Automerge + ProseMirror: heading conversion races typing and comment [forward] ["TAR!GET","TAR!GET"]
MISS Automerge + ProseMirror: heading conversion races typing and comment [reverse] ["TAR!GET","TAR!GET"]
PASS Automerge + ProseMirror: paragraph split races typing and comment [forward] ["TAR!GET","TAR!GET"]
PASS Automerge + ProseMirror: paragraph split races typing and comment [reverse] ["TAR!GET","TAR!GET"]
MISS Automerge + ProseMirror: delete and reinsert block move races typing and comment [forward] ["",""]
MISS Automerge + ProseMirror: delete and reinsert block move races typing and comment [reverse] ["",""]
PASS Automerge + ProseMirror: partial target deletion preserves surviving text [forward] ["GET","GET"]
PASS Automerge + ProseMirror: partial target deletion preserves surviving text [reverse] ["GET","GET"]
PASS Automerge + ProseMirror: whole target deletion retains thread with empty target [forward] ["",""]
PASS Automerge + ProseMirror: whole target deletion retains thread with empty target [reverse] ["",""]
PASS Automerge + ProseMirror: text insertion preceding newly created comment [forward] ["INSERTED","INSERTED"]
PASS Automerge + ProseMirror: text insertion preceding newly created comment [reverse] ["INSERTED","INSERTED"]
PASS Automerge + ProseMirror: save and restore existing cursor targets [forward] ["TARGET","TARGET"]
PASS Automerge + ProseMirror: save and restore existing cursor targets [reverse] ["TARGET","TARGET"]
PASS Yjs + ProseMirror: comment-only has no content effects [forward] ["TARGET","TARGET"]
PASS Yjs + ProseMirror: comment-only has no content effects [reverse] ["TARGET","TARGET"]
PASS Yjs + ProseMirror: link formatting races typing and comment [forward] ["TAR!GET","TAR!GET"]
PASS Yjs + ProseMirror: link formatting races typing and comment [reverse] ["TAR!GET","TAR!GET"]
MISS Yjs + ProseMirror: list wrapping races typing and comment [forward] [null,null]
MISS Yjs + ProseMirror: list wrapping races typing and comment [reverse] [null,null]
MISS Yjs + ProseMirror: heading conversion races typing and comment [forward] [null,null]
MISS Yjs + ProseMirror: heading conversion races typing and comment [reverse] [null,null]
MISS Yjs + ProseMirror: paragraph split races typing and comment [forward] ["!","!"]
MISS Yjs + ProseMirror: paragraph split races typing and comment [reverse] ["!","!"]
MISS Yjs + ProseMirror: delete and reinsert block move races typing and comment [forward] ["!","!"]
MISS Yjs + ProseMirror: delete and reinsert block move races typing and comment [reverse] ["!","!"]
PASS Yjs + ProseMirror: partial target deletion preserves surviving text [forward] ["GET","GET"]
PASS Yjs + ProseMirror: partial target deletion preserves surviving text [reverse] ["GET","GET"]
PASS Yjs + ProseMirror: whole target deletion retains thread with empty target [forward] ["",""]
PASS Yjs + ProseMirror: whole target deletion retains thread with empty target [reverse] ["",""]
PASS Yjs + ProseMirror: text insertion preceding newly created comment [forward] ["INSERTED","INSERTED"]
PASS Yjs + ProseMirror: text insertion preceding newly created comment [reverse] ["INSERTED","INSERTED"]
PASS Yjs + ProseMirror: save and restore existing cursor targets [forward] ["TARGET","TARGET"]
PASS Yjs + ProseMirror: save and restore existing cursor targets [reverse] ["TARGET","TARGET"]
PASS Central ProseMirror: comment-only has no content effects [forward] ["TARGET","TARGET"]
PASS Central ProseMirror: comment-only has no content effects [reverse] ["TARGET","TARGET"]
PASS Central ProseMirror: link formatting races typing and comment [forward] ["TAR!GET","TAR!GET"]
PASS Central ProseMirror: link formatting races typing and comment [reverse] ["TAR!GET","TAR!GET"]
PASS Central ProseMirror: list wrapping races typing and comment [forward] ["TAR!GET","TAR!GET"]
PASS Central ProseMirror: list wrapping races typing and comment [reverse] ["TAR!GET","TAR!GET"]
PASS Central ProseMirror: heading conversion races typing and comment [forward] ["TAR!GET","TAR!GET"]
PASS Central ProseMirror: heading conversion races typing and comment [reverse] ["TAR!GET","TAR!GET"]
PASS Central ProseMirror: paragraph split races typing and comment [forward] ["TAR!GET","TAR!GET"]
PASS Central ProseMirror: paragraph split races typing and comment [reverse] ["TAR!GET","TAR!GET"]
MISS Central ProseMirror: delete and reinsert block move races typing and comment [forward] ["",""]
MISS Central ProseMirror: delete and reinsert block move races typing and comment [reverse] ["",""]
PASS Central ProseMirror: partial target deletion preserves surviving text [forward] ["GET","GET"]
PASS Central ProseMirror: partial target deletion preserves surviving text [reverse] ["GET","GET"]
PASS Central ProseMirror: whole target deletion retains thread with empty target [forward] ["",""]
PASS Central ProseMirror: whole target deletion retains thread with empty target [reverse] ["",""]
PASS Central ProseMirror: text insertion preceding newly created comment [forward] ["INSERTED","INSERTED"]
PASS Central ProseMirror: text insertion preceding newly created comment [reverse] ["INSERTED","INSERTED"]
PASS Central ProseMirror: save and restore existing cursor targets [forward] ["TARGET","TARGET"]
PASS Central ProseMirror: save and restore existing cursor targets [reverse] ["TARGET","TARGET"]
PASS Automerge + ProseMirror: comment-only has no content effects [forward] ["TARGET","TARGET"]
PASS Automerge + ProseMirror: comment-only has no content effects [reverse] ["TARGET","TARGET"]
MISS Automerge + ProseMirror: link formatting races typing and comment [forward] ["TAR!GET","TAR!GET"]
MISS Automerge + ProseMirror: link formatting races typing and comment [reverse] ["TAR!GET","TAR!GET"]
PASS Automerge + ProseMirror: list wrapping races typing and comment [forward] ["TAR!GET","TAR!GET"]
PASS Automerge + ProseMirror: list wrapping races typing and comment [reverse] ["TAR!GET","TAR!GET"]
MISS Automerge + ProseMirror: heading conversion races typing and comment [forward] ["TAR!GET","TAR!GET"]
MISS Automerge + ProseMirror: heading conversion races typing and comment [reverse] ["TAR!GET","TAR!GET"]
PASS Automerge + ProseMirror: paragraph split races typing and comment [forward] ["TAR!GET","TAR!GET"]
PASS Automerge + ProseMirror: paragraph split races typing and comment [reverse] ["TAR!GET","TAR!GET"]
MISS Automerge + ProseMirror: delete and reinsert block move races typing and comment [forward] ["TAR!GET","TAR!GET"]
MISS Automerge + ProseMirror: delete and reinsert block move races typing and comment [reverse] ["TAR!GET","TAR!GET"]
PASS Automerge + ProseMirror: partial target deletion preserves surviving text [forward] ["GET","GET"]
PASS Automerge + ProseMirror: partial target deletion preserves surviving text [reverse] ["GET","GET"]
PASS Automerge + ProseMirror: whole target deletion retains thread with empty target [forward] ["",""]
PASS Automerge + ProseMirror: whole target deletion retains thread with empty target [reverse] ["",""]
PASS Automerge + ProseMirror: text insertion preceding newly created comment [forward] ["INSERTED","INSERTED"]
PASS Automerge + ProseMirror: text insertion preceding newly created comment [reverse] ["INSERTED","INSERTED"]
PASS Automerge + ProseMirror: save and restore existing cursor targets [forward] ["TARGET","TARGET"]
PASS Automerge + ProseMirror: save and restore existing cursor targets [reverse] ["TARGET","TARGET"]
PASS Yjs + ProseMirror: comment-only has no content effects [forward] ["TARGET","TARGET"]
PASS Yjs + ProseMirror: comment-only has no content effects [reverse] ["TARGET","TARGET"]
PASS Yjs + ProseMirror: link formatting races typing and comment [forward] ["TAR!GET","TAR!GET"]
PASS Yjs + ProseMirror: link formatting races typing and comment [reverse] ["TAR!GET","TAR!GET"]
MISS Yjs + ProseMirror: list wrapping races typing and comment [forward] [null,null]
MISS Yjs + ProseMirror: list wrapping races typing and comment [reverse] [null,null]
MISS Yjs + ProseMirror: heading conversion races typing and comment [forward] [null,null]
MISS Yjs + ProseMirror: heading conversion races typing and comment [reverse] [null,null]
MISS Yjs + ProseMirror: paragraph split races typing and comment [forward] ["!","!"]
MISS Yjs + ProseMirror: paragraph split races typing and comment [reverse] ["!","!"]
MISS Yjs + ProseMirror: delete and reinsert block move races typing and comment [forward] ["TAR!GET","TAR!GET"]
MISS Yjs + ProseMirror: delete and reinsert block move races typing and comment [reverse] ["TAR!GET","TAR!GET"]
PASS Yjs + ProseMirror: partial target deletion preserves surviving text [forward] ["GET","GET"]
PASS Yjs + ProseMirror: partial target deletion preserves surviving text [reverse] ["GET","GET"]
PASS Yjs + ProseMirror: whole target deletion retains thread with empty target [forward] ["",""]
PASS Yjs + ProseMirror: whole target deletion retains thread with empty target [reverse] ["",""]
PASS Yjs + ProseMirror: text insertion preceding newly created comment [forward] ["INSERTED","INSERTED"]
PASS Yjs + ProseMirror: text insertion preceding newly created comment [reverse] ["INSERTED","INSERTED"]
PASS Yjs + ProseMirror: save and restore existing cursor targets [forward] ["TARGET","TARGET"]
PASS Yjs + ProseMirror: save and restore existing cursor targets [reverse] ["TARGET","TARGET"]
PASS Central ProseMirror: comment-only has no content effects [forward] ["TARGET","TARGET"]
PASS Central ProseMirror: comment-only has no content effects [reverse] ["TARGET","TARGET"]
PASS Central ProseMirror: link formatting races typing and comment [forward] ["TAR!GET","TAR!GET"]
PASS Central ProseMirror: link formatting races typing and comment [reverse] ["TAR!GET","TAR!GET"]
PASS Central ProseMirror: list wrapping races typing and comment [forward] ["TAR!GET","TAR!GET"]
PASS Central ProseMirror: list wrapping races typing and comment [reverse] ["TAR!GET","TAR!GET"]
PASS Central ProseMirror: heading conversion races typing and comment [forward] ["TAR!GET","TAR!GET"]
PASS Central ProseMirror: heading conversion races typing and comment [reverse] ["TAR!GET","TAR!GET"]
PASS Central ProseMirror: paragraph split races typing and comment [forward] ["TAR!GET","TAR!GET"]
PASS Central ProseMirror: paragraph split races typing and comment [reverse] ["TAR!GET","TAR!GET"]
MISS Central ProseMirror: delete and reinsert block move races typing and comment [forward] ["",""]
MISS Central ProseMirror: delete and reinsert block move races typing and comment [reverse] ["",""]
PASS Central ProseMirror: partial target deletion preserves surviving text [forward] ["GET","GET"]
PASS Central ProseMirror: partial target deletion preserves surviving text [reverse] ["GET","GET"]
PASS Central ProseMirror: whole target deletion retains thread with empty target [forward] ["",""]
PASS Central ProseMirror: whole target deletion retains thread with empty target [reverse] ["",""]
PASS Central ProseMirror: text insertion preceding newly created comment [forward] ["INSERTED","INSERTED"]
PASS Central ProseMirror: text insertion preceding newly created comment [reverse] ["INSERTED","INSERTED"]
PASS Central ProseMirror: save and restore existing cursor targets [forward] ["TARGET","TARGET"]
PASS Central ProseMirror: save and restore existing cursor targets [reverse] ["TARGET","TARGET"]
{"cases":180,"passes":132,"misses":48,"errors":0}
