PASS comment-only has no content effects ["TARGET","TARGET"]
PASS comment-only has no content effects ["TARGET","TARGET"]
PASS link formatting races typing and comment ["TAR!GET","TAR!GET"]
PASS link formatting races typing and comment ["TAR!GET","TAR!GET"]
PASS Quarry-style list attributes race typing and comment ["TAR!GET","TAR!GET"]
PASS Quarry-style list attributes race typing and comment ["TAR!GET","TAR!GET"]
PASS heading conversion races typing and comment ["TAR!GET","TAR!GET"]
PASS heading conversion races typing and comment ["TAR!GET","TAR!GET"]
MISS paragraph split races typing and comment ["!","!"]
MISS paragraph split races typing and comment ["!","!"]
MISS Slate move_node races typing and comment [null,null]
MISS Slate move_node races typing and comment [null,null]
PASS partial target deletion preserves surviving text ["GET","GET"]
PASS partial target deletion preserves surviving text ["GET","GET"]
PASS whole target deletion retains thread with empty target ["",""]
PASS whole target deletion retains thread with empty target ["",""]
PASS save and restore existing cursor targets ["TARGET","TARGET"]
PASS save and restore existing cursor targets ["TARGET","TARGET"]
PASS comment-only has no content effects ["TARGET","TARGET"]
PASS comment-only has no content effects ["TARGET","TARGET"]
PASS link formatting races typing and comment ["TAR!GET","TAR!GET"]
PASS link formatting races typing and comment ["TAR!GET","TAR!GET"]
PASS Quarry-style list attributes race typing and comment ["TAR!GET","TAR!GET"]
PASS Quarry-style list attributes race typing and comment ["TAR!GET","TAR!GET"]
PASS heading conversion races typing and comment ["TAR!GET","TAR!GET"]
PASS heading conversion races typing and comment ["TAR!GET","TAR!GET"]
MISS paragraph split races typing and comment ["!","!"]
MISS paragraph split races typing and comment ["!","!"]
MISS Slate move_node races typing and comment [null,null]
MISS Slate move_node races typing and comment [null,null]
PASS partial target deletion preserves surviving text ["GET","GET"]
PASS partial target deletion preserves surviving text ["GET","GET"]
PASS whole target deletion retains thread with empty target ["",""]
PASS whole target deletion retains thread with empty target ["",""]
PASS save and restore existing cursor targets ["TARGET","TARGET"]
PASS save and restore existing cursor targets ["TARGET","TARGET"]
PASS comment-only has no content effects ["TARGET","TARGET"]
PASS comment-only has no content effects ["TARGET","TARGET"]
PASS link formatting races typing and comment ["TAR!GET","TAR!GET"]
PASS link formatting races typing and comment ["TAR!GET","TAR!GET"]
PASS Quarry-style list attributes race typing and comment ["TAR!GET","TAR!GET"]
PASS Quarry-style list attributes race typing and comment ["TAR!GET","TAR!GET"]
PASS heading conversion races typing and comment ["TAR!GET","TAR!GET"]
PASS heading conversion races typing and comment ["TAR!GET","TAR!GET"]
MISS paragraph split races typing and comment ["!","!"]
MISS paragraph split races typing and comment ["!","!"]
MISS Slate move_node races typing and comment [null,null]
MISS Slate move_node races typing and comment [null,null]
PASS partial target deletion preserves surviving text ["GET","GET"]
PASS partial target deletion preserves surviving text ["GET","GET"]
PASS whole target deletion retains thread with empty target ["",""]
PASS whole target deletion retains thread with empty target ["",""]
PASS save and restore existing cursor targets ["TARGET","TARGET"]
PASS save and restore existing cursor targets ["TARGET","TARGET"]
PASS move sees existing target ["TARGET","TARGET"]
MISS move cannot see in-flight target [null,null]
{"cases":56,"passes":43,"errors":0}
